// Jest Snapshot v1, https://goo.gl/fbAQLP

exports[`Register Page renders 1`] = `
<DocumentFragment>
  <div
    class="css-5n5rj1"
  >
    <div
      class="css-e1mdgn"
    >
      <h2
        class="prose"
      >
        Create a Free Account
      </h2>
    </div>
    <div
      class="css-0"
    >
      <div
        class="css-lvh9or"
      >
        <p
          class="prose"
        >
          Already have an account? 
          <a
            class="prose"
            href="/login"
          >
            Sign In
          </a>
        </p>
      </div>
      <form
        novalidate=""
      >
        <div
          class="chakra-stack css-1h4ycs0"
        >
          <div
            class="chakra-stack css-10q15"
          >
            <div
              class="chakra-form-control css-1kxonj9"
              role="group"
            >
              <label
                class="chakra-form__label css-1ig2arj"
                for="field-1"
                id="field-1-label"
              >
                Email
                <span
                  aria-hidden="true"
                  class="chakra-form__required-indicator css-0"
                  role="presentation"
                >
                  *
                </span>
              </label>
              <input
                aria-required="true"
                class="chakra-input css-0"
                id="field-1"
                name="email"
                placeholder="Email"
                required=""
                value=""
              />
            </div>
          </div>
          <div
            class="chakra-stack css-10q15"
          >
            <div
              class="chakra-form-control css-1kxonj9"
              role="group"
            >
              <label
                class="chakra-form__label css-1ig2arj"
                for="field-2"
                id="field-2-label"
              >
                Password
                <span
                  aria-hidden="true"
                  class="chakra-form__required-indicator css-0"
                  role="presentation"
                >
                  *
                </span>
              </label>
              <input
                aria-required="true"
                class="chakra-input css-0"
                id="field-2"
                name="password"
                placeholder="Password"
                required=""
                type="password"
                value=""
              />
            </div>
          </div>
          <div
            class="chakra-stack css-19mpfht"
          >
            <div
              class="css-0"
            />
          </div>
          <div
            class="chakra-stack css-1etg4xz"
          >
            <button
              class="chakra-button css-bsfr8y"
              type="submit"
            >
              Sign Up
            </button>
          </div>
        </div>
      </form>
    </div>
  </div>
</DocumentFragment>
`;
