// Jest Snapshot v1, https://goo.gl/fbAQLP

exports[`Create Payment Plan Modal renders 1`] = `<DocumentFragment />`;
