// Jest Snapshot v1, https://goo.gl/fbAQLP

exports[`Edit Payment Plan Modal renders 1`] = `<DocumentFragment />`;
