// Jest Snapshot v1, https://goo.gl/fbAQLP

exports[`Edit Program Modal renders 1`] = `<DocumentFragment />`;

exports[`Edit Program Modal renders with categories 1`] = `<DocumentFragment />`;

exports[`Edit Program Modal renders with services 1`] = `<DocumentFragment />`;
