// Jest Snapshot v1, https://goo.gl/fbAQLP

exports[`Create Service Modal renders 1`] = `<DocumentFragment />`;
