// Jest Snapshot v1, https://goo.gl/fbAQLP

exports[`Edit Service Modal renders 1`] = `<DocumentFragment />`;
