// Jest Snapshot v1, https://goo.gl/fbAQLP

exports[`Create CalendarEvent Modal renders 1`] = `<DocumentFragment />`;
