// Jest Snapshot v1, https://goo.gl/fbAQLP

exports[`Edit Event Modal renders 1`] = `<DocumentFragment />`;
