// Jest Snapshot v1, https://goo.gl/fbAQLP

exports[`Create Client Modal renders 1`] = `<DocumentFragment />`;
