// Jest Snapshot v1, https://goo.gl/fbAQLP

exports[`Edit Client Modal renders 1`] = `<DocumentFragment />`;
