// Jest Snapshot v1, https://goo.gl/fbAQLP

exports[`Login Modal renders 1`] = `<DocumentFragment />`;
