// Jest Snapshot v1, https://goo.gl/fbAQLP

exports[`Clients Page renders 1`] = `
<DocumentFragment>
  <div
    class="chakra-tabs css-0"
  >
    <div
      class="chakra-stack css-1tdah2b"
    >
      <div
        aria-orientation="horizontal"
        class="chakra-tabs__tablist css-hboir5"
        role="tablist"
      >
        <button
          aria-controls="tabs-1--tabpanel-0"
          aria-disabled="false"
          aria-selected="true"
          class="chakra-tabs__tab css-slgqxg"
          id="tabs-1--tab-0"
          role="tab"
          tabindex="0"
          type="button"
        >
          List
        </button>
        <button
          aria-controls="tabs-1--tabpanel-1"
          aria-disabled="false"
          class="chakra-tabs__tab css-slgqxg"
          id="tabs-1--tab-1"
          role="tab"
          tabindex="-1"
          type="button"
        >
          Progress
        </button>
        <button
          aria-controls="tabs-1--tabpanel-2"
          aria-disabled="false"
          class="chakra-tabs__tab css-slgqxg"
          id="tabs-1--tab-2"
          role="tab"
          tabindex="-1"
          type="button"
        >
          Payments
        </button>
      </div>
      <button
        aria-label="Refresh Clients and Programs"
        class="chakra-button css-oqfhsh"
        type="button"
      >
        <svg
          fill="none"
          height="1em"
          stroke="currentColor"
          stroke-linecap="round"
          stroke-linejoin="round"
          stroke-width="2"
          viewBox="0 0 24 24"
          width="1em"
          xmlns="http://www.w3.org/2000/svg"
        >
          <polyline
            points="23 4 23 10 17 10"
          />
          <path
            d="M20.49 15a9 9 0 1 1-2.12-9.36L23 10"
          />
        </svg>
      </button>
    </div>
    <div
      class="chakra-tabs__tab-panels css-0"
    >
      <div
        class="chakra-tabs__tab-panel css-1huthg8"
        id="tabs-1--tabpanel-0"
        role="tabpanel"
      >
        <div
          class="chakra-stack css-10q15"
        >
          <div
            class="chakra-stack css-19mpfht"
          >
            <div
              class="chakra-stack css-1tdah2b"
            >
              <button
                aria-label="New Client"
                class="chakra-button css-oqfhsh"
                type="button"
              >
                New Client
              </button>
            </div>
          </div>
        </div>
        <div
          class="css-1wacom8"
        >
          <div
            class="card css-1a397r5"
          >
            <table
              class="css-13rbvqk"
              role="table"
            >
              <thead
                class="css-0"
              >
                <tr
                  class="css-1exea8t"
                  role="row"
                >
                  <th
                    class="css-wcj3c1"
                    colspan="1"
                    role="columnheader"
                    style="cursor: pointer;"
                    title="Toggle SortBy"
                  >
                    <div
                      class="chakra-stack css-mpfrnm"
                    >
                      <span>
                        FirstName
                      </span>
                      <span />
                    </div>
                  </th>
                  <th
                    class="css-wcj3c1"
                    colspan="1"
                    role="columnheader"
                    style="cursor: pointer;"
                    title="Toggle SortBy"
                  >
                    <div
                      class="chakra-stack css-mpfrnm"
                    >
                      <span>
                        LastName
                      </span>
                      <span>
                        <svg
                          fill="none"
                          height="1em"
                          stroke="currentColor"
                          stroke-linecap="round"
                          stroke-linejoin="round"
                          stroke-width="2"
                          viewBox="0 0 24 24"
                          width="1em"
                          xmlns="http://www.w3.org/2000/svg"
                        >
                          <polyline
                            points="18 15 12 9 6 15"
                          />
                        </svg>
                      </span>
                    </div>
                  </th>
                  <th
                    class="css-wcj3c1"
                    colspan="1"
                    role="columnheader"
                    style="cursor: pointer;"
                    title="Toggle SortBy"
                  >
                    <div
                      class="chakra-stack css-mpfrnm"
                    >
                      <span>
                        Email
                      </span>
                      <span />
                    </div>
                  </th>
                  <th
                    class="css-wcj3c1"
                    colspan="1"
                    role="columnheader"
                    style="cursor: pointer;"
                    title="Toggle SortBy"
                  >
                    <div
                      class="chakra-stack css-mpfrnm"
                    >
                      <span>
                        Number
                      </span>
                      <span />
                    </div>
                  </th>
                </tr>
              </thead>
              <tfoot
                class="css-yy91wp"
              >
                <tr
                  class="css-1exea8t"
                >
                  <td
                    class="css-1989049"
                    colspan="4"
                  >
                    <div
                      class="chakra-stack css-1tdah2b"
                    >
                      <div
                        class="chakra-stack css-wtlbrf"
                      >
                        <button
                          aria-label="First page"
                          class="chakra-button css-1kgd4fd"
                          disabled=""
                          type="button"
                        >
                          <svg
                            aria-hidden="true"
                            fill="none"
                            focusable="false"
                            height="1em"
                            stroke="currentColor"
                            stroke-linecap="round"
                            stroke-linejoin="round"
                            stroke-width="2"
                            viewBox="0 0 24 24"
                            width="1em"
                            xmlns="http://www.w3.org/2000/svg"
                          >
                            <polyline
                              points="11 17 6 12 11 7"
                            />
                            <polyline
                              points="18 17 13 12 18 7"
                            />
                          </svg>
                        </button>
                        <button
                          aria-label="Previous page"
                          class="chakra-button css-1kgd4fd"
                          disabled=""
                          type="button"
                        >
                          <svg
                            aria-hidden="true"
                            fill="none"
                            focusable="false"
                            height="1em"
                            stroke="currentColor"
                            stroke-linecap="round"
                            stroke-linejoin="round"
                            stroke-width="2"
                            viewBox="0 0 24 24"
                            width="1em"
                            xmlns="http://www.w3.org/2000/svg"
                          >
                            <polyline
                              points="15 18 9 12 15 6"
                            />
                          </svg>
                        </button>
                      </div>
                      <div
                        class="chakra-stack css-wtlbrf"
                      >
                        <div
                          class="chakra-stack css-bqo099"
                        >
                          <span
                            style="margin-top: 0.5rem; margin-right: 0.5rem;"
                          >
                            Page 
                            <strong>
                              1 of 0
                            </strong>
                          </span>
                          <div
                            class="chakra-select__wrapper css-xzaah7"
                          >
                            <select
                              aria-label="Select number of items to show per page"
                              class="chakra-select css-17atxkb"
                            >
                              <option
                                value="10"
                              >
                                Show 10
                              </option>
                              <option
                                value="20"
                              >
                                Show 20
                              </option>
                              <option
                                value="30"
                              >
                                Show 30
                              </option>
                              <option
                                value="40"
                              >
                                Show 40
                              </option>
                              <option
                                value="50"
                              >
                                Show 50
                              </option>
                            </select>
                            <div
                              class="chakra-select__icon-wrapper css-gghxvr"
                            >
                              <svg
                                aria-hidden="true"
                                class="chakra-select__icon"
                                focusable="false"
                                role="presentation"
                                style="width: 1em; height: 1em; color: currentColor;"
                                viewBox="0 0 24 24"
                              >
                                <path
                                  d="M16.59 8.59L12 13.17 7.41 8.59 6 10l6 6 6-6z"
                                  fill="currentColor"
                                />
                              </svg>
                            </div>
                          </div>
                        </div>
                      </div>
                      <div
                        class="chakra-stack css-wtlbrf"
                      >
                        <button
                          aria-label="Next page"
                          class="chakra-button css-1kgd4fd"
                          disabled=""
                          type="button"
                        >
                          <svg
                            aria-hidden="true"
                            fill="none"
                            focusable="false"
                            height="1em"
                            stroke="currentColor"
                            stroke-linecap="round"
                            stroke-linejoin="round"
                            stroke-width="2"
                            viewBox="0 0 24 24"
                            width="1em"
                            xmlns="http://www.w3.org/2000/svg"
                          >
                            <polyline
                              points="9 18 15 12 9 6"
                            />
                          </svg>
                        </button>
                        <button
                          aria-label="Last page"
                          class="chakra-button css-1kgd4fd"
                          disabled=""
                          type="button"
                        >
                          <svg
                            aria-hidden="true"
                            fill="none"
                            focusable="false"
                            height="1em"
                            stroke="currentColor"
                            stroke-linecap="round"
                            stroke-linejoin="round"
                            stroke-width="2"
                            viewBox="0 0 24 24"
                            width="1em"
                            xmlns="http://www.w3.org/2000/svg"
                          >
                            <polyline
                              points="13 17 18 12 13 7"
                            />
                            <polyline
                              points="6 17 11 12 6 7"
                            />
                          </svg>
                        </button>
                      </div>
                    </div>
                  </td>
                </tr>
              </tfoot>
              <tbody
                class="css-0"
                role="rowgroup"
              />
            </table>
          </div>
        </div>
      </div>
      <div
        class="chakra-tabs__tab-panel css-1huthg8"
        hidden=""
        id="tabs-1--tabpanel-1"
        role="tabpanel"
      >
        <div
          class="chakra-stack css-1np2y6m"
        >
          <div
            class="chakra-stack css-10q15"
          >
            <div
              class="chakra-stack css-mpfrnm"
            >
              <div>
                <div
                  class="chakra-select__wrapper css-42b2qy"
                >
                  <select
                    aria-label="Select a Client"
                    class="chakra-select css-17atxkb"
                  >
                    <option
                      value="-1"
                    >
                      Select a Client
                    </option>
                  </select>
                  <div
                    class="chakra-select__icon-wrapper css-gghxvr"
                  >
                    <svg
                      aria-hidden="true"
                      class="chakra-select__icon"
                      focusable="false"
                      role="presentation"
                      style="width: 1em; height: 1em; color: currentColor;"
                      viewBox="0 0 24 24"
                    >
                      <path
                        d="M16.59 8.59L12 13.17 7.41 8.59 6 10l6 6 6-6z"
                        fill="currentColor"
                      />
                    </svg>
                  </div>
                </div>
              </div>
              <div>
                <div
                  class="chakra-select__wrapper css-42b2qy"
                >
                  <select
                    aria-label="Select a Program"
                    class="chakra-select css-17atxkb"
                  >
                    <option
                      value="-1"
                    >
                      Select a Program
                    </option>
                  </select>
                  <div
                    class="chakra-select__icon-wrapper css-gghxvr"
                  >
                    <svg
                      aria-hidden="true"
                      class="chakra-select__icon"
                      focusable="false"
                      role="presentation"
                      style="width: 1em; height: 1em; color: currentColor;"
                      viewBox="0 0 24 24"
                    >
                      <path
                        d="M16.59 8.59L12 13.17 7.41 8.59 6 10l6 6 6-6z"
                        fill="currentColor"
                      />
                    </svg>
                  </div>
                </div>
              </div>
            </div>
          </div>
          <div
            class="chakra-stack css-1k0yth1"
          />
        </div>
      </div>
      <div
        class="chakra-tabs__tab-panel css-1huthg8"
        hidden=""
        id="tabs-1--tabpanel-2"
        role="tabpanel"
      >
        <div
          class="chakra-stack css-1np2y6m"
        >
          <div
            class="chakra-stack css-10q15"
          >
            <div
              class="chakra-stack css-mpfrnm"
            >
              <button
                aria-label="New Payment Plan"
                class="chakra-button css-oqfhsh"
                type="button"
              >
                New Payment Plan
              </button>
              <div>
                <div
                  class="chakra-select__wrapper css-42b2qy"
                >
                  <select
                    aria-label="Select a Client"
                    class="chakra-select css-17atxkb"
                  >
                    <option
                      value="-1"
                    >
                      Select a Client
                    </option>
                  </select>
                  <div
                    class="chakra-select__icon-wrapper css-gghxvr"
                  >
                    <svg
                      aria-hidden="true"
                      class="chakra-select__icon"
                      focusable="false"
                      role="presentation"
                      style="width: 1em; height: 1em; color: currentColor;"
                      viewBox="0 0 24 24"
                    >
                      <path
                        d="M16.59 8.59L12 13.17 7.41 8.59 6 10l6 6 6-6z"
                        fill="currentColor"
                      />
                    </svg>
                  </div>
                </div>
              </div>
            </div>
            <div
              class="chakra-stack css-1k0yth1"
            />
          </div>
        </div>
      </div>
    </div>
  </div>
</DocumentFragment>
`;
