// Jest Snapshot v1, https://goo.gl/fbAQLP

exports[`Create Category Modal renders 1`] = `<DocumentFragment />`;
