// Jest Snapshot v1, https://goo.gl/fbAQLP

exports[`Edit Category Modal renders 1`] = `<DocumentFragment />`;
